<?xml version="1.0" encoding="ISO-8859-1" ?>
<link_info>
   <banner>TI ARM Linker PC v20.2.1.LTS</banner>
   <copyright>Copyright (c) 1996-2018 Texas Instruments Incorporated</copyright>
   <link_time>0x605bafe9</link_time>
   <link_errors>0x0</link_errors>
   <output_file>Robot_Car_Racer.out</output_file>
   <entry_point>
      <name>_c_int00_noargs</name>
      <address>0x204d</address>
   </entry_point>
   <input_file_list>
      <input_file id="fl-2">
         <path>.\</path>
         <kind>object</kind>
         <file>Clock.obj</file>
         <name>Clock.obj</name>
      </input_file>
      <input_file id="fl-3">
         <path>.\</path>
         <kind>object</kind>
         <file>CortexM.obj</file>
         <name>CortexM.obj</name>
      </input_file>
      <input_file id="fl-4">
         <path>.\</path>
         <kind>object</kind>
         <file>LaunchPad.obj</file>
         <name>LaunchPad.obj</name>
      </input_file>
      <input_file id="fl-5">
         <path>.\</path>
         <kind>object</kind>
         <file>RCR_ADC14.obj</file>
         <name>RCR_ADC14.obj</name>
      </input_file>
      <input_file id="fl-6">
         <path>.\</path>
         <kind>object</kind>
         <file>RCR_Bumper.obj</file>
         <name>RCR_Bumper.obj</name>
      </input_file>
      <input_file id="fl-7">
         <path>.\</path>
         <kind>object</kind>
         <file>RCR_IRDistance.obj</file>
         <name>RCR_IRDistance.obj</name>
      </input_file>
      <input_file id="fl-8">
         <path>.\</path>
         <kind>object</kind>
         <file>RCR_LCD.obj</file>
         <name>RCR_LCD.obj</name>
      </input_file>
      <input_file id="fl-9">
         <path>.\</path>
         <kind>object</kind>
         <file>RCR_Motor.obj</file>
         <name>RCR_Motor.obj</name>
      </input_file>
      <input_file id="fl-a">
         <path>.\</path>
         <kind>object</kind>
         <file>RCR_SPI_A3.obj</file>
         <name>RCR_SPI_A3.obj</name>
      </input_file>
      <input_file id="fl-b">
         <path>.\</path>
         <kind>object</kind>
         <file>RCR_SysTick.obj</file>
         <name>RCR_SysTick.obj</name>
      </input_file>
      <input_file id="fl-c">
         <path>.\</path>
         <kind>object</kind>
         <file>RCR_TimerA0.obj</file>
         <name>RCR_TimerA0.obj</name>
      </input_file>
      <input_file id="fl-d">
         <path>.\</path>
         <kind>object</kind>
         <file>RCR_TimerA1.obj</file>
         <name>RCR_TimerA1.obj</name>
      </input_file>
      <input_file id="fl-e">
         <path>.\</path>
         <kind>object</kind>
         <file>RCR_main.obj</file>
         <name>RCR_main.obj</name>
      </input_file>
      <input_file id="fl-f">
         <path>.\</path>
         <kind>object</kind>
         <file>startup_msp432p401r_ccs.obj</file>
         <name>startup_msp432p401r_ccs.obj</name>
      </input_file>
      <input_file id="fl-10">
         <path>.\</path>
         <kind>object</kind>
         <file>system_msp432p401r.obj</file>
         <name>system_msp432p401r.obj</name>
      </input_file>
      <input_file id="fl-14">
         <kind>object</kind>
         <file>&lt;internal&gt;</file>
         <name>&lt;internal&gt;</name>
      </input_file>
      <input_file id="fl-ca">
         <path>C:\Users\eoluser\ti\ccs\ccs\tools\compiler\ti-cgt-arm_20.2.1.LTS\lib\</path>
         <kind>archive</kind>
         <file>rtsv7M4_T_le_v4SPD16_eabi.lib</file>
         <name>e_log10.c.obj</name>
      </input_file>
      <input_file id="fl-cb">
         <path>C:\Users\eoluser\ti\ccs\ccs\tools\compiler\ti-cgt-arm_20.2.1.LTS\lib\</path>
         <kind>archive</kind>
         <file>rtsv7M4_T_le_v4SPD16_eabi.lib</file>
         <name>fd_add_t2.asm.obj</name>
      </input_file>
      <input_file id="fl-cc">
         <path>C:\Users\eoluser\ti\ccs\ccs\tools\compiler\ti-cgt-arm_20.2.1.LTS\lib\</path>
         <kind>archive</kind>
         <file>rtsv7M4_T_le_v4SPD16_eabi.lib</file>
         <name>fd_div_t2.asm.obj</name>
      </input_file>
      <input_file id="fl-cd">
         <path>C:\Users\eoluser\ti\ccs\ccs\tools\compiler\ti-cgt-arm_20.2.1.LTS\lib\</path>
         <kind>archive</kind>
         <file>rtsv7M4_T_le_v4SPD16_eabi.lib</file>
         <name>fd_mul_t2.asm.obj</name>
      </input_file>
      <input_file id="fl-ce">
         <path>C:\Users\eoluser\ti\ccs\ccs\tools\compiler\ti-cgt-arm_20.2.1.LTS\lib\</path>
         <kind>archive</kind>
         <file>rtsv7M4_T_le_v4SPD16_eabi.lib</file>
         <name>fd_tou_t2.asm.obj</name>
      </input_file>
      <input_file id="fl-cf">
         <path>C:\Users\eoluser\ti\ccs\ccs\tools\compiler\ti-cgt-arm_20.2.1.LTS\lib\</path>
         <kind>archive</kind>
         <file>rtsv7M4_T_le_v4SPD16_eabi.lib</file>
         <name>i_tofd_t2.asm.obj</name>
      </input_file>
      <input_file id="fl-d0">
         <path>C:\Users\eoluser\ti\ccs\ccs\tools\compiler\ti-cgt-arm_20.2.1.LTS\lib\</path>
         <kind>archive</kind>
         <file>rtsv7M4_T_le_v4SPD16_eabi.lib</file>
         <name>u_tofd_t2.asm.obj</name>
      </input_file>
      <input_file id="fl-d1">
         <path>C:\Users\eoluser\ti\ccs\ccs\tools\compiler\ti-cgt-arm_20.2.1.LTS\lib\</path>
         <kind>archive</kind>
         <file>rtsv7M4_T_le_v4SPD16_eabi.lib</file>
         <name>u_divt2.asm.obj</name>
      </input_file>
      <input_file id="fl-d2">
         <path>C:\Users\eoluser\ti\ccs\ccs\tools\compiler\ti-cgt-arm_20.2.1.LTS\lib\</path>
         <kind>archive</kind>
         <file>rtsv7M4_T_le_v4SPD16_eabi.lib</file>
         <name>copy_zero_init.c.obj</name>
      </input_file>
      <input_file id="fl-d3">
         <path>C:\Users\eoluser\ti\ccs\ccs\tools\compiler\ti-cgt-arm_20.2.1.LTS\lib\</path>
         <kind>archive</kind>
         <file>rtsv7M4_T_le_v4SPD16_eabi.lib</file>
         <name>copy_decompress_none.c.obj</name>
      </input_file>
      <input_file id="fl-d4">
         <path>C:\Users\eoluser\ti\ccs\ccs\tools\compiler\ti-cgt-arm_20.2.1.LTS\lib\</path>
         <kind>archive</kind>
         <file>rtsv7M4_T_le_v4SPD16_eabi.lib</file>
         <name>copy_decompress_lzss.c.obj</name>
      </input_file>
      <input_file id="fl-d5">
         <path>C:\Users\eoluser\ti\ccs\ccs\tools\compiler\ti-cgt-arm_20.2.1.LTS\lib\</path>
         <kind>archive</kind>
         <file>rtsv7M4_T_le_v4SPD16_eabi.lib</file>
         <name>memory.c.obj</name>
      </input_file>
      <input_file id="fl-d6">
         <path>C:\Users\eoluser\ti\ccs\ccs\tools\compiler\ti-cgt-arm_20.2.1.LTS\lib\</path>
         <kind>archive</kind>
         <file>rtsv7M4_T_le_v4SPD16_eabi.lib</file>
         <name>errno.c.obj</name>
      </input_file>
      <input_file id="fl-d7">
         <path>C:\Users\eoluser\ti\ccs\ccs\tools\compiler\ti-cgt-arm_20.2.1.LTS\lib\</path>
         <kind>archive</kind>
         <file>rtsv7M4_T_le_v4SPD16_eabi.lib</file>
         <name>boot_cortex_m.c.obj</name>
      </input_file>
      <input_file id="fl-d8">
         <path>C:\Users\eoluser\ti\ccs\ccs\tools\compiler\ti-cgt-arm_20.2.1.LTS\lib\</path>
         <kind>archive</kind>
         <file>rtsv7M4_T_le_v4SPD16_eabi.lib</file>
         <name>div0.asm.obj</name>
      </input_file>
      <input_file id="fl-d9">
         <path>C:\Users\eoluser\ti\ccs\ccs\tools\compiler\ti-cgt-arm_20.2.1.LTS\lib\</path>
         <kind>archive</kind>
         <file>rtsv7M4_T_le_v4SPD16_eabi.lib</file>
         <name>memset_t2.asm.obj</name>
      </input_file>
      <input_file id="fl-da">
         <path>C:\Users\eoluser\ti\ccs\ccs\tools\compiler\ti-cgt-arm_20.2.1.LTS\lib\</path>
         <kind>archive</kind>
         <file>rtsv7M4_T_le_v4SPD16_eabi.lib</file>
         <name>memcpy_t2.asm.obj</name>
      </input_file>
      <input_file id="fl-db">
         <path>C:\Users\eoluser\ti\ccs\ccs\tools\compiler\ti-cgt-arm_20.2.1.LTS\lib\</path>
         <kind>archive</kind>
         <file>rtsv7M4_T_le_v4SPD16_eabi.lib</file>
         <name>autoinit.c.obj</name>
      </input_file>
      <input_file id="fl-dc">
         <path>C:\Users\eoluser\ti\ccs\ccs\tools\compiler\ti-cgt-arm_20.2.1.LTS\lib\</path>
         <kind>archive</kind>
         <file>rtsv7M4_T_le_v4SPD16_eabi.lib</file>
         <name>pre_init.c.obj</name>
      </input_file>
      <input_file id="fl-dd">
         <path>C:\Users\eoluser\ti\ccs\ccs\tools\compiler\ti-cgt-arm_20.2.1.LTS\lib\</path>
         <kind>archive</kind>
         <file>rtsv7M4_T_le_v4SPD16_eabi.lib</file>
         <name>cpy_tbl.c.obj</name>
      </input_file>
      <input_file id="fl-de">
         <path>C:\Users\eoluser\ti\ccs\ccs\tools\compiler\ti-cgt-arm_20.2.1.LTS\lib\</path>
         <kind>archive</kind>
         <file>rtsv7M4_T_le_v4SPD16_eabi.lib</file>
         <name>exit.c.obj</name>
      </input_file>
      <input_file id="fl-df">
         <path>C:\Users\eoluser\ti\ccs\ccs\tools\compiler\ti-cgt-arm_20.2.1.LTS\lib\</path>
         <kind>archive</kind>
         <file>rtsv7M4_T_le_v4SPD16_eabi.lib</file>
         <name>_lock.c.obj</name>
      </input_file>
      <input_file id="fl-e0">
         <path>C:\Users\eoluser\ti\ccs\ccs\tools\compiler\ti-cgt-arm_20.2.1.LTS\lib\</path>
         <kind>archive</kind>
         <file>rtsv7M4_T_le_v4SPD16_eabi.lib</file>
         <name>args_main.c.obj</name>
      </input_file>
   </input_file_list>
   <object_component_list>
      <object_component id="oc-26">
         <name>.intvecs:retain</name>
         <load_address>0x0</load_address>
         <run_address>0x0</run_address>
         <size>0xe4</size>
         <input_file_ref idref="fl-f"/>
      </object_component>
      <object_component id="oc-109">
         <name>.text</name>
         <load_address>0xe4</load_address>
         <run_address>0xe4</run_address>
         <size>0x344</size>
         <input_file_ref idref="fl-8"/>
      </object_component>
      <object_component id="oc-b8">
         <name>.text</name>
         <load_address>0x428</load_address>
         <run_address>0x428</run_address>
         <size>0x334</size>
         <input_file_ref idref="fl-10"/>
      </object_component>
      <object_component id="oc-1c8">
         <name>.text:log10</name>
         <load_address>0x75c</load_address>
         <run_address>0x75c</run_address>
         <size>0x2f4</size>
         <input_file_ref idref="fl-ca"/>
      </object_component>
      <object_component id="oc-a6">
         <name>.text</name>
         <load_address>0xa50</load_address>
         <run_address>0xa50</run_address>
         <size>0x2b8</size>
         <input_file_ref idref="fl-e"/>
      </object_component>
      <object_component id="oc-fd">
         <name>.text</name>
         <load_address>0xd08</load_address>
         <run_address>0xd08</run_address>
         <size>0x204</size>
         <input_file_ref idref="fl-7"/>
      </object_component>
      <object_component id="oc-103">
         <name>.text</name>
         <load_address>0xf0c</load_address>
         <run_address>0xf0c</run_address>
         <size>0x1e0</size>
         <input_file_ref idref="fl-2"/>
      </object_component>
      <object_component id="oc-19a">
         <name>.text</name>
         <load_address>0x10ec</load_address>
         <run_address>0x10ec</run_address>
         <size>0x1b6</size>
         <input_file_ref idref="fl-cb"/>
      </object_component>
      <object_component id="oc-256">
         <name>.text:_nop</name>
         <load_address>0x12a2</load_address>
         <run_address>0x12a2</run_address>
         <size>0x2</size>
         <input_file_ref idref="fl-df"/>
      </object_component>
      <object_component id="oc-76">
         <name>.text</name>
         <load_address>0x12a4</load_address>
         <run_address>0x12a4</run_address>
         <size>0x174</size>
         <input_file_ref idref="fl-6"/>
      </object_component>
      <object_component id="oc-f1">
         <name>.text</name>
         <load_address>0x1418</load_address>
         <run_address>0x1418</run_address>
         <size>0x174</size>
         <input_file_ref idref="fl-9"/>
      </object_component>
      <object_component id="oc-19f">
         <name>.text</name>
         <load_address>0x158c</load_address>
         <run_address>0x158c</run_address>
         <size>0x136</size>
         <input_file_ref idref="fl-cc"/>
      </object_component>
      <object_component id="oc-21b">
         <name>.text</name>
         <load_address>0x16c2</load_address>
         <run_address>0x16c2</run_address>
         <size>0x2</size>
         <input_file_ref idref="fl-d8"/>
      </object_component>
      <object_component id="oc-18c">
         <name>.text</name>
         <load_address>0x16c4</load_address>
         <run_address>0x16c4</run_address>
         <size>0x11c</size>
         <input_file_ref idref="fl-c"/>
      </object_component>
      <object_component id="oc-214">
         <name>.text:aligned_alloc</name>
         <load_address>0x17e0</load_address>
         <run_address>0x17e0</run_address>
         <size>0x108</size>
         <input_file_ref idref="fl-d5"/>
      </object_component>
      <object_component id="oc-1a4">
         <name>.text</name>
         <load_address>0x18e8</load_address>
         <run_address>0x18e8</run_address>
         <size>0xfc</size>
         <input_file_ref idref="fl-cd"/>
      </object_component>
      <object_component id="oc-10f">
         <name>.text</name>
         <load_address>0x19e4</load_address>
         <run_address>0x19e4</run_address>
         <size>0xf4</size>
         <input_file_ref idref="fl-4"/>
      </object_component>
      <object_component id="oc-f7">
         <name>.text</name>
         <load_address>0x1ad8</load_address>
         <run_address>0x1ad8</run_address>
         <size>0xec</size>
         <input_file_ref idref="fl-5"/>
      </object_component>
      <object_component id="oc-1ce">
         <name>.text:free</name>
         <load_address>0x1bc4</load_address>
         <run_address>0x1bc4</run_address>
         <size>0xe4</size>
         <input_file_ref idref="fl-d5"/>
      </object_component>
      <object_component id="oc-3a">
         <name>.text</name>
         <load_address>0x1ca8</load_address>
         <run_address>0x1ca8</run_address>
         <size>0x9c</size>
         <input_file_ref idref="fl-da"/>
      </object_component>
      <object_component id="oc-70">
         <name>.text</name>
         <load_address>0x1d44</load_address>
         <run_address>0x1d44</run_address>
         <size>0x94</size>
         <input_file_ref idref="fl-d"/>
      </object_component>
      <object_component id="oc-1c2">
         <name>.text</name>
         <load_address>0x1dd8</load_address>
         <run_address>0x1dd8</run_address>
         <size>0x8c</size>
         <input_file_ref idref="fl-a"/>
      </object_component>
      <object_component id="oc-277">
         <name>.text:split</name>
         <load_address>0x1e64</load_address>
         <run_address>0x1e64</run_address>
         <size>0x70</size>
         <input_file_ref idref="fl-d5"/>
      </object_component>
      <object_component id="oc-17">
         <name>.text:decompress:lzss:__TI_decompress_lzss</name>
         <load_address>0x1ed4</load_address>
         <run_address>0x1ed4</run_address>
         <size>0x68</size>
         <input_file_ref idref="fl-d4"/>
      </object_component>
      <object_component id="oc-115">
         <name>.text</name>
         <load_address>0x1f3c</load_address>
         <run_address>0x1f3c</run_address>
         <size>0x48</size>
         <input_file_ref idref="fl-b"/>
      </object_component>
      <object_component id="oc-13e">
         <name>.text:__TI_auto_init_nobinit_nopinit:__TI_auto_init_nobinit_nopinit</name>
         <load_address>0x1f84</load_address>
         <run_address>0x1f84</run_address>
         <size>0x44</size>
         <input_file_ref idref="fl-db"/>
      </object_component>
      <object_component id="oc-1a9">
         <name>.text</name>
         <load_address>0x1fc8</load_address>
         <run_address>0x1fc8</run_address>
         <size>0x44</size>
         <input_file_ref idref="fl-ce"/>
      </object_component>
      <object_component id="oc-1b4">
         <name>.text</name>
         <load_address>0x200c</load_address>
         <run_address>0x200c</run_address>
         <size>0x40</size>
         <input_file_ref idref="fl-d1"/>
      </object_component>
      <object_component id="oc-58">
         <name>.text:_c_int00_noargs:_c_int00_noargs</name>
         <load_address>0x204c</load_address>
         <run_address>0x204c</run_address>
         <size>0x34</size>
         <input_file_ref idref="fl-d7"/>
      </object_component>
      <object_component id="oc-238">
         <name>.text</name>
         <load_address>0x2080</load_address>
         <run_address>0x2080</run_address>
         <size>0x2e</size>
         <input_file_ref idref="fl-cf"/>
      </object_component>
      <object_component id="oc-249">
         <name>.text:free_list_insert</name>
         <load_address>0x20b0</load_address>
         <run_address>0x20b0</run_address>
         <size>0x28</size>
         <input_file_ref idref="fl-d5"/>
      </object_component>
      <object_component id="oc-11b">
         <name>.text</name>
         <load_address>0x20d8</load_address>
         <run_address>0x20d8</run_address>
         <size>0x24</size>
         <input_file_ref idref="fl-3"/>
      </object_component>
      <object_component id="oc-195">
         <name>.text</name>
         <load_address>0x20fc</load_address>
         <run_address>0x20fc</run_address>
         <size>0x20</size>
         <input_file_ref idref="fl-d0"/>
      </object_component>
      <object_component id="oc-46">
         <name>.text:decompress:ZI:__TI_zero_init_nomemset:__TI_zero_init_nomemset</name>
         <load_address>0x211c</load_address>
         <run_address>0x211c</run_address>
         <size>0x1c</size>
         <input_file_ref idref="fl-d2"/>
      </object_component>
      <object_component id="oc-243">
         <name>.text:free_list_remove</name>
         <load_address>0x2138</load_address>
         <run_address>0x2138</run_address>
         <size>0x1c</size>
         <input_file_ref idref="fl-d5"/>
      </object_component>
      <object_component id="oc-1d">
         <name>.text:decompress:none:__TI_decompress_none</name>
         <load_address>0x2154</load_address>
         <run_address>0x2154</run_address>
         <size>0xe</size>
         <input_file_ref idref="fl-d3"/>
      </object_component>
      <object_component id="oc-6a">
         <name>.text</name>
         <load_address>0x2162</load_address>
         <run_address>0x2162</run_address>
         <size>0xe</size>
         <input_file_ref idref="fl-f"/>
      </object_component>
      <object_component id="oc-232">
         <name>.text:__aeabi_errno_addr</name>
         <load_address>0x2170</load_address>
         <run_address>0x2170</run_address>
         <size>0x8</size>
         <input_file_ref idref="fl-d6"/>
      </object_component>
      <object_component id="oc-1ae">
         <name>.text:malloc</name>
         <load_address>0x2178</load_address>
         <run_address>0x2178</run_address>
         <size>0x8</size>
         <input_file_ref idref="fl-d5"/>
      </object_component>
      <object_component id="oc-a0">
         <name>.text:_system_pre_init</name>
         <load_address>0x2180</load_address>
         <run_address>0x2180</run_address>
         <size>0x4</size>
         <input_file_ref idref="fl-dc"/>
      </object_component>
      <object_component id="oc-132">
         <name>.text:abort:abort</name>
         <load_address>0x2184</load_address>
         <run_address>0x2184</run_address>
         <size>0x4</size>
         <input_file_ref idref="fl-de"/>
      </object_component>
      <object_component id="oc-1d4">
         <name>.const:ASCII</name>
         <load_address>0x2188</load_address>
         <run_address>0x2188</run_address>
         <size>0x1e0</size>
         <input_file_ref idref="fl-8"/>
      </object_component>
      <object_component id="oc-2d6">
         <name>.cinit..data.load</name>
         <load_address>0x2368</load_address>
         <run_address>0x2368</run_address>
         <size>0x1e</size>
      </object_component>
      <object_component id="oc-2d4">
         <name>__TI_handler_table</name>
         <load_address>0x2388</load_address>
         <run_address>0x2388</run_address>
         <size>0xc</size>
      </object_component>
      <object_component id="oc-2d7">
         <name>.cinit..bss.load</name>
         <load_address>0x2398</load_address>
         <run_address>0x2398</run_address>
         <size>0x8</size>
      </object_component>
      <object_component id="oc-2d5">
         <name>__TI_cinit_table</name>
         <load_address>0x23a0</load_address>
         <run_address>0x23a0</run_address>
         <size>0x10</size>
      </object_component>
      <object_component id="oc-2a8">
         <name>.binit</name>
         <load_address>0x0</load_address>
         <run_address>0x0</run_address>
         <size>0x0</size>
      </object_component>
      <object_component id="oc-1be">
         <name>.data</name>
         <load_address>0x20001000</load_address>
         <run_address>0x20001000</run_address>
         <size>0x18</size>
         <input_file_ref idref="fl-2"/>
      </object_component>
      <object_component id="oc-128">
         <name>.data</name>
         <load_address>0x20001018</load_address>
         <run_address>0x20001018</run_address>
         <size>0x10</size>
         <input_file_ref idref="fl-e"/>
      </object_component>
      <object_component id="oc-125">
         <name>.data:raw_adc_vals</name>
         <load_address>0x20001028</load_address>
         <run_address>0x20001028</run_address>
         <size>0xc</size>
         <input_file_ref idref="fl-e"/>
      </object_component>
      <object_component id="oc-170">
         <name>.data</name>
         <load_address>0x20001048</load_address>
         <run_address>0x20001048</run_address>
         <size>0x4</size>
         <input_file_ref idref="fl-10"/>
      </object_component>
      <object_component id="oc-27d">
         <name>.data:$O1$$</name>
         <load_address>0x2000103c</load_address>
         <run_address>0x2000103c</run_address>
         <size>0x8</size>
         <input_file_ref idref="fl-d5"/>
      </object_component>
      <object_component id="oc-282">
         <name>.data</name>
         <load_address>0x20001044</load_address>
         <run_address>0x20001044</run_address>
         <size>0x4</size>
         <input_file_ref idref="fl-d6"/>
      </object_component>
      <object_component id="oc-1e6">
         <name>.data:$O1$$</name>
         <load_address>0x20001034</load_address>
         <run_address>0x20001034</run_address>
         <size>0x8</size>
         <input_file_ref idref="fl-df"/>
      </object_component>
      <object_component id="oc-c9">
         <name>.bss</name>
         <uninitialized>true</uninitialized>
         <run_address>0x20001054</run_address>
         <size>0x4</size>
         <input_file_ref idref="fl-6"/>
      </object_component>
      <object_component id="oc-1b9">
         <name>.bss</name>
         <uninitialized>true</uninitialized>
         <run_address>0x2000104c</run_address>
         <size>0x8</size>
         <input_file_ref idref="fl-7"/>
      </object_component>
      <object_component id="oc-bf">
         <name>.bss</name>
         <uninitialized>true</uninitialized>
         <run_address>0x20001058</run_address>
         <size>0x4</size>
         <input_file_ref idref="fl-d"/>
      </object_component>
      <object_component id="oc-12b">
         <name>.common:ADCflag</name>
         <uninitialized>true</uninitialized>
         <run_address>0x2000105c</run_address>
         <size>0x4</size>
      </object_component>
      <object_component id="oc-121">
         <name>.common:CollisionData</name>
         <uninitialized>true</uninitialized>
         <run_address>0x20001060</run_address>
         <size>0x1</size>
      </object_component>
      <object_component id="oc-124">
         <name>.common:CollisionFlag</name>
         <uninitialized>true</uninitialized>
         <run_address>0x20001061</run_address>
         <size>0x1</size>
      </object_component>
      <object_component id="oc-29">
         <name>.sysmem</name>
         <uninitialized>true</uninitialized>
         <run_address>0x20000000</run_address>
         <size>0x10</size>
         <input_file_ref idref="fl-d5"/>
      </object_component>
      <object_component id="oc-2da">
         <name>.sysmem</name>
         <uninitialized>true</uninitialized>
         <run_address>0x20000000</run_address>
         <size>0x0</size>
      </object_component>
      <object_component id="oc-2c">
         <name>.stack</name>
         <uninitialized>true</uninitialized>
         <run_address>0x2000fe00</run_address>
         <size>0x4</size>
         <input_file_ref idref="fl-d7"/>
      </object_component>
      <object_component id="oc-2d9">
         <name>.stack</name>
         <uninitialized>true</uninitialized>
         <run_address>0x2000fe00</run_address>
         <size>0x0</size>
      </object_component>
      <object_component id="oc-18b">
         <name>.debug_info</name>
         <load_address>0x0</load_address>
         <run_address>0x0</run_address>
         <size>0x54b</size>
         <input_file_ref idref="fl-2"/>
      </object_component>
      <object_component id="oc-1bf">
         <name>.debug_info</name>
         <load_address>0x54b</load_address>
         <run_address>0x54b</run_address>
         <size>0x1a7</size>
         <input_file_ref idref="fl-2"/>
      </object_component>
      <object_component id="oc-104">
         <name>.debug_info</name>
         <load_address>0x6f2</load_address>
         <run_address>0x6f2</run_address>
         <size>0x2cb</size>
         <input_file_ref idref="fl-2"/>
      </object_component>
      <object_component id="oc-207">
         <name>.debug_info</name>
         <load_address>0x9bd</load_address>
         <run_address>0x9bd</run_address>
         <size>0x37e2</size>
         <input_file_ref idref="fl-2"/>
      </object_component>
      <object_component id="oc-d0">
         <name>.debug_info</name>
         <load_address>0x419f</load_address>
         <run_address>0x419f</run_address>
         <size>0x26b</size>
         <input_file_ref idref="fl-2"/>
      </object_component>
      <object_component id="oc-17d">
         <name>.debug_info</name>
         <load_address>0x440a</load_address>
         <run_address>0x440a</run_address>
         <size>0x1055</size>
         <input_file_ref idref="fl-2"/>
      </object_component>
      <object_component id="oc-35">
         <name>.debug_info</name>
         <load_address>0x545f</load_address>
         <run_address>0x545f</run_address>
         <size>0x84</size>
         <input_file_ref idref="fl-2"/>
      </object_component>
      <object_component id="oc-182">
         <name>.debug_info</name>
         <load_address>0x54e3</load_address>
         <run_address>0x54e3</run_address>
         <size>0x2a4</size>
         <input_file_ref idref="fl-2"/>
      </object_component>
      <object_component id="oc-c4">
         <name>.debug_info</name>
         <load_address>0x5787</load_address>
         <run_address>0x5787</run_address>
         <size>0xbb</size>
         <input_file_ref idref="fl-2"/>
      </object_component>
      <object_component id="oc-11c">
         <name>.debug_info</name>
         <load_address>0x5842</load_address>
         <run_address>0x5842</run_address>
         <size>0x28c</size>
         <input_file_ref idref="fl-3"/>
      </object_component>
      <object_component id="oc-204">
         <name>.debug_info</name>
         <load_address>0x5ace</load_address>
         <run_address>0x5ace</run_address>
         <size>0x54f</size>
         <input_file_ref idref="fl-4"/>
      </object_component>
      <object_component id="oc-110">
         <name>.debug_info</name>
         <load_address>0x601d</load_address>
         <run_address>0x601d</run_address>
         <size>0x291</size>
         <input_file_ref idref="fl-4"/>
      </object_component>
      <object_component id="oc-178">
         <name>.debug_info</name>
         <load_address>0x62ae</load_address>
         <run_address>0x62ae</run_address>
         <size>0x37e2</size>
         <input_file_ref idref="fl-4"/>
      </object_component>
      <object_component id="oc-194">
         <name>.debug_info</name>
         <load_address>0x9a90</load_address>
         <run_address>0x9a90</run_address>
         <size>0x555</size>
         <input_file_ref idref="fl-5"/>
      </object_component>
      <object_component id="oc-f8">
         <name>.debug_info</name>
         <load_address>0x9fe5</load_address>
         <run_address>0x9fe5</run_address>
         <size>0x206</size>
         <input_file_ref idref="fl-5"/>
      </object_component>
      <object_component id="oc-cd">
         <name>.debug_info</name>
         <load_address>0xa1eb</load_address>
         <run_address>0xa1eb</run_address>
         <size>0x562</size>
         <input_file_ref idref="fl-6"/>
      </object_component>
      <object_component id="oc-ca">
         <name>.debug_info</name>
         <load_address>0xa74d</load_address>
         <run_address>0xa74d</run_address>
         <size>0xfa</size>
         <input_file_ref idref="fl-6"/>
      </object_component>
      <object_component id="oc-77">
         <name>.debug_info</name>
         <load_address>0xa847</load_address>
         <run_address>0xa847</run_address>
         <size>0x235</size>
         <input_file_ref idref="fl-6"/>
      </object_component>
      <object_component id="oc-1bd">
         <name>.debug_info</name>
         <load_address>0xaa7c</load_address>
         <run_address>0xaa7c</run_address>
         <size>0x5b0</size>
         <input_file_ref idref="fl-7"/>
      </object_component>
      <object_component id="oc-1ba">
         <name>.debug_info</name>
         <load_address>0xb02c</load_address>
         <run_address>0xb02c</run_address>
         <size>0x12e</size>
         <input_file_ref idref="fl-7"/>
      </object_component>
      <object_component id="oc-fe">
         <name>.debug_info</name>
         <load_address>0xb15a</load_address>
         <run_address>0xb15a</run_address>
         <size>0x3f8</size>
         <input_file_ref idref="fl-7"/>
      </object_component>
      <object_component id="oc-22a">
         <name>.debug_info</name>
         <load_address>0xb552</load_address>
         <run_address>0xb552</run_address>
         <size>0x110</size>
         <input_file_ref idref="fl-7"/>
      </object_component>
      <object_component id="oc-225">
         <name>.debug_info</name>
         <load_address>0xb662</load_address>
         <run_address>0xb662</run_address>
         <size>0x76</size>
         <input_file_ref idref="fl-7"/>
      </object_component>
      <object_component id="oc-1d8">
         <name>.debug_info</name>
         <load_address>0xb6d8</load_address>
         <run_address>0xb6d8</run_address>
         <size>0x64a</size>
         <input_file_ref idref="fl-8"/>
      </object_component>
      <object_component id="oc-1d5">
         <name>.debug_info</name>
         <load_address>0xbd22</load_address>
         <run_address>0xbd22</run_address>
         <size>0xef</size>
         <input_file_ref idref="fl-8"/>
      </object_component>
      <object_component id="oc-10a">
         <name>.debug_info</name>
         <load_address>0xbe11</load_address>
         <run_address>0xbe11</run_address>
         <size>0x802</size>
         <input_file_ref idref="fl-8"/>
      </object_component>
      <object_component id="oc-12d">
         <name>.debug_info</name>
         <load_address>0xc613</load_address>
         <run_address>0xc613</run_address>
         <size>0x8b</size>
         <input_file_ref idref="fl-8"/>
      </object_component>
      <object_component id="oc-f2">
         <name>.debug_info</name>
         <load_address>0xc69e</load_address>
         <run_address>0xc69e</run_address>
         <size>0x58b</size>
         <input_file_ref idref="fl-9"/>
      </object_component>
      <object_component id="oc-1c3">
         <name>.debug_info</name>
         <load_address>0xcc29</load_address>
         <run_address>0xcc29</run_address>
         <size>0x1a9</size>
         <input_file_ref idref="fl-a"/>
      </object_component>
      <object_component id="oc-116">
         <name>.debug_info</name>
         <load_address>0xcdd2</load_address>
         <run_address>0xcdd2</run_address>
         <size>0x207</size>
         <input_file_ref idref="fl-b"/>
      </object_component>
      <object_component id="oc-18d">
         <name>.debug_info</name>
         <load_address>0xcfd9</load_address>
         <run_address>0xcfd9</run_address>
         <size>0x301</size>
         <input_file_ref idref="fl-c"/>
      </object_component>
      <object_component id="oc-c3">
         <name>.debug_info</name>
         <load_address>0xd2da</load_address>
         <run_address>0xd2da</run_address>
         <size>0x559</size>
         <input_file_ref idref="fl-d"/>
      </object_component>
      <object_component id="oc-c0">
         <name>.debug_info</name>
         <load_address>0xd833</load_address>
         <run_address>0xd833</run_address>
         <size>0xff</size>
         <input_file_ref idref="fl-d"/>
      </object_component>
      <object_component id="oc-71">
         <name>.debug_info</name>
         <load_address>0xd932</load_address>
         <run_address>0xd932</run_address>
         <size>0x249</size>
         <input_file_ref idref="fl-d"/>
      </object_component>
      <object_component id="oc-122">
         <name>.debug_info</name>
         <load_address>0xdb7b</load_address>
         <run_address>0xdb7b</run_address>
         <size>0xa01</size>
         <input_file_ref idref="fl-e"/>
      </object_component>
      <object_component id="oc-129">
         <name>.debug_info</name>
         <load_address>0xe57c</load_address>
         <run_address>0xe57c</run_address>
         <size>0x16a</size>
         <input_file_ref idref="fl-e"/>
      </object_component>
      <object_component id="oc-126">
         <name>.debug_info</name>
         <load_address>0xe6e6</load_address>
         <run_address>0xe6e6</run_address>
         <size>0xff</size>
         <input_file_ref idref="fl-e"/>
      </object_component>
      <object_component id="oc-a7">
         <name>.debug_info</name>
         <load_address>0xe7e5</load_address>
         <run_address>0xe7e5</run_address>
         <size>0x609</size>
         <input_file_ref idref="fl-e"/>
      </object_component>
      <object_component id="oc-7e">
         <name>.debug_info</name>
         <load_address>0xedee</load_address>
         <run_address>0xedee</run_address>
         <size>0x2ea</size>
         <input_file_ref idref="fl-f"/>
      </object_component>
      <object_component id="oc-27">
         <name>.debug_info</name>
         <load_address>0xf0d8</load_address>
         <run_address>0xf0d8</run_address>
         <size>0x116</size>
         <input_file_ref idref="fl-f"/>
      </object_component>
      <object_component id="oc-6b">
         <name>.debug_info</name>
         <load_address>0xf1ee</load_address>
         <run_address>0xf1ee</run_address>
         <size>0x1dd</size>
         <input_file_ref idref="fl-f"/>
      </object_component>
      <object_component id="oc-171">
         <name>.debug_info</name>
         <load_address>0xf3cb</load_address>
         <run_address>0xf3cb</run_address>
         <size>0x10f</size>
         <input_file_ref idref="fl-10"/>
      </object_component>
      <object_component id="oc-b9">
         <name>.debug_info</name>
         <load_address>0xf4da</load_address>
         <run_address>0xf4da</run_address>
         <size>0x281</size>
         <input_file_ref idref="fl-10"/>
      </object_component>
      <object_component id="oc-1cb">
         <name>.debug_info</name>
         <load_address>0xf75b</load_address>
         <run_address>0xf75b</run_address>
         <size>0x4b1</size>
         <input_file_ref idref="fl-ca"/>
      </object_component>
      <object_component id="oc-288">
         <name>.debug_info</name>
         <load_address>0xfc0c</load_address>
         <run_address>0xfc0c</run_address>
         <size>0x46</size>
         <input_file_ref idref="fl-ca"/>
      </object_component>
      <object_component id="oc-23e">
         <name>.debug_info</name>
         <load_address>0xfc52</load_address>
         <run_address>0xfc52</run_address>
         <size>0x39</size>
         <input_file_ref idref="fl-ca"/>
      </object_component>
      <object_component id="oc-19c">
         <name>.debug_info</name>
         <load_address>0xfc8b</load_address>
         <run_address>0xfc8b</run_address>
         <size>0x14c</size>
         <input_file_ref idref="fl-cb"/>
      </object_component>
      <object_component id="oc-1a2">
         <name>.debug_info</name>
         <load_address>0xfdd7</load_address>
         <run_address>0xfdd7</run_address>
         <size>0x13a</size>
         <input_file_ref idref="fl-cc"/>
      </object_component>
      <object_component id="oc-1a5">
         <name>.debug_info</name>
         <load_address>0xff11</load_address>
         <run_address>0xff11</run_address>
         <size>0x13a</size>
         <input_file_ref idref="fl-cd"/>
      </object_component>
      <object_component id="oc-1ac">
         <name>.debug_info</name>
         <load_address>0x1004b</load_address>
         <run_address>0x1004b</run_address>
         <size>0x139</size>
         <input_file_ref idref="fl-ce"/>
      </object_component>
      <object_component id="oc-239">
         <name>.debug_info</name>
         <load_address>0x10184</load_address>
         <run_address>0x10184</run_address>
         <size>0x12c</size>
         <input_file_ref idref="fl-cf"/>
      </object_component>
      <object_component id="oc-197">
         <name>.debug_info</name>
         <load_address>0x102b0</load_address>
         <run_address>0x102b0</run_address>
         <size>0x12e</size>
         <input_file_ref idref="fl-d0"/>
      </object_component>
      <object_component id="oc-1b6">
         <name>.debug_info</name>
         <load_address>0x103de</load_address>
         <run_address>0x103de</run_address>
         <size>0x142</size>
         <input_file_ref idref="fl-d1"/>
      </object_component>
      <object_component id="oc-99">
         <name>.debug_info</name>
         <load_address>0x10520</load_address>
         <run_address>0x10520</run_address>
         <size>0x2d4</size>
         <input_file_ref idref="fl-d2"/>
      </object_component>
      <object_component id="oc-4a">
         <name>.debug_info</name>
         <load_address>0x107f4</load_address>
         <run_address>0x107f4</run_address>
         <size>0x1d2</size>
         <input_file_ref idref="fl-d2"/>
      </object_component>
      <object_component id="oc-94">
         <name>.debug_info</name>
         <load_address>0x109c6</load_address>
         <run_address>0x109c6</run_address>
         <size>0x46</size>
         <input_file_ref idref="fl-d2"/>
      </object_component>
      <object_component id="oc-e8">
         <name>.debug_info</name>
         <load_address>0x10a0c</load_address>
         <run_address>0x10a0c</run_address>
         <size>0x2c</size>
         <input_file_ref idref="fl-d2"/>
      </object_component>
      <object_component id="oc-45">
         <name>.debug_info</name>
         <load_address>0x10a38</load_address>
         <run_address>0x10a38</run_address>
         <size>0x2a8</size>
         <input_file_ref idref="fl-d3"/>
      </object_component>
      <object_component id="oc-1f">
         <name>.debug_info</name>
         <load_address>0x10ce0</load_address>
         <run_address>0x10ce0</run_address>
         <size>0x1ea</size>
         <input_file_ref idref="fl-d3"/>
      </object_component>
      <object_component id="oc-40">
         <name>.debug_info</name>
         <load_address>0x10eca</load_address>
         <run_address>0x10eca</run_address>
         <size>0x46</size>
         <input_file_ref idref="fl-d3"/>
      </object_component>
      <object_component id="oc-8c">
         <name>.debug_info</name>
         <load_address>0x10f10</load_address>
         <run_address>0x10f10</run_address>
         <size>0x2c</size>
         <input_file_ref idref="fl-d3"/>
      </object_component>
      <object_component id="oc-8a">
         <name>.debug_info</name>
         <load_address>0x10f3c</load_address>
         <run_address>0x10f3c</run_address>
         <size>0x29e</size>
         <input_file_ref idref="fl-d4"/>
      </object_component>
      <object_component id="oc-1b">
         <name>.debug_info</name>
         <load_address>0x111da</load_address>
         <run_address>0x111da</run_address>
         <size>0x250</size>
         <input_file_ref idref="fl-d4"/>
      </object_component>
      <object_component id="oc-30">
         <name>.debug_info</name>
         <load_address>0x1142a</load_address>
         <run_address>0x1142a</run_address>
         <size>0x60</size>
         <input_file_ref idref="fl-d4"/>
      </object_component>
      <object_component id="oc-e1">
         <name>.debug_info</name>
         <load_address>0x1148a</load_address>
         <run_address>0x1148a</run_address>
         <size>0x46</size>
         <input_file_ref idref="fl-d4"/>
      </object_component>
      <object_component id="oc-85">
         <name>.debug_info</name>
         <load_address>0x114d0</load_address>
         <run_address>0x114d0</run_address>
         <size>0x39</size>
         <input_file_ref idref="fl-d4"/>
      </object_component>
      <object_component id="oc-81">
         <name>.debug_info</name>
         <load_address>0x11509</load_address>
         <run_address>0x11509</run_address>
         <size>0x3b2</size>
         <input_file_ref idref="fl-d5"/>
      </object_component>
      <object_component id="oc-2a">
         <name>.debug_info</name>
         <load_address>0x118bb</load_address>
         <run_address>0x118bb</run_address>
         <size>0x10c</size>
         <input_file_ref idref="fl-d5"/>
      </object_component>
      <object_component id="oc-27e">
         <name>.debug_info</name>
         <load_address>0x119c7</load_address>
         <run_address>0x119c7</run_address>
         <size>0x13f</size>
         <input_file_ref idref="fl-d5"/>
      </object_component>
      <object_component id="oc-1b0">
         <name>.debug_info</name>
         <load_address>0x11b06</load_address>
         <run_address>0x11b06</run_address>
         <size>0x168</size>
         <input_file_ref idref="fl-d5"/>
      </object_component>
      <object_component id="oc-245">
         <name>.debug_info</name>
         <load_address>0x11c6e</load_address>
         <run_address>0x11c6e</run_address>
         <size>0x18e</size>
         <input_file_ref idref="fl-d5"/>
      </object_component>
      <object_component id="oc-24b">
         <name>.debug_info</name>
         <load_address>0x11dfc</load_address>
         <run_address>0x11dfc</run_address>
         <size>0x19f</size>
         <input_file_ref idref="fl-d5"/>
      </object_component>
      <object_component id="oc-1d0">
         <name>.debug_info</name>
         <load_address>0x11f9b</load_address>
         <run_address>0x11f9b</run_address>
         <size>0x203</size>
         <input_file_ref idref="fl-d5"/>
      </object_component>
      <object_component id="oc-279">
         <name>.debug_info</name>
         <load_address>0x1219e</load_address>
         <run_address>0x1219e</run_address>
         <size>0x1db</size>
         <input_file_ref idref="fl-d5"/>
      </object_component>
      <object_component id="oc-216">
         <name>.debug_info</name>
         <load_address>0x12379</load_address>
         <run_address>0x12379</run_address>
         <size>0x299</size>
         <input_file_ref idref="fl-d5"/>
      </object_component>
      <object_component id="oc-dc">
         <name>.debug_info</name>
         <load_address>0x12612</load_address>
         <run_address>0x12612</run_address>
         <size>0xb2</size>
         <input_file_ref idref="fl-d5"/>
      </object_component>
      <object_component id="oc-d7">
         <name>.debug_info</name>
         <load_address>0x126c4</load_address>
         <run_address>0x126c4</run_address>
         <size>0x2c</size>
         <input_file_ref idref="fl-d5"/>
      </object_component>
      <object_component id="oc-286">
         <name>.debug_info</name>
         <load_address>0x126f0</load_address>
         <run_address>0x126f0</run_address>
         <size>0x289</size>
         <input_file_ref idref="fl-d6"/>
      </object_component>
      <object_component id="oc-283">
         <name>.debug_info</name>
         <load_address>0x12979</load_address>
         <run_address>0x12979</run_address>
         <size>0x10e</size>
         <input_file_ref idref="fl-d6"/>
      </object_component>
      <object_component id="oc-236">
         <name>.debug_info</name>
         <load_address>0x12a87</load_address>
         <run_address>0x12a87</run_address>
         <size>0x14e</size>
         <input_file_ref idref="fl-d6"/>
      </object_component>
      <object_component id="oc-2d">
         <name>.debug_info</name>
         <load_address>0x12bd5</load_address>
         <run_address>0x12bd5</run_address>
         <size>0x10b</size>
         <input_file_ref idref="fl-d7"/>
      </object_component>
      <object_component id="oc-5a">
         <name>.debug_info</name>
         <load_address>0x12ce0</load_address>
         <run_address>0x12ce0</run_address>
         <size>0x1a9</size>
         <input_file_ref idref="fl-d7"/>
      </object_component>
      <object_component id="oc-21d">
         <name>.debug_info</name>
         <load_address>0x12e89</load_address>
         <run_address>0x12e89</run_address>
         <size>0x115</size>
         <input_file_ref idref="fl-d8"/>
      </object_component>
      <object_component id="oc-3c">
         <name>.debug_info</name>
         <load_address>0x12f9e</load_address>
         <run_address>0x12f9e</run_address>
         <size>0x119</size>
         <input_file_ref idref="fl-da"/>
      </object_component>
      <object_component id="oc-1ed">
         <name>.debug_info</name>
         <load_address>0x130b7</load_address>
         <run_address>0x130b7</run_address>
         <size>0x4b3</size>
         <input_file_ref idref="fl-db"/>
      </object_component>
      <object_component id="oc-140">
         <name>.debug_info</name>
         <load_address>0x1356a</load_address>
         <run_address>0x1356a</run_address>
         <size>0x1a6</size>
         <input_file_ref idref="fl-db"/>
      </object_component>
      <object_component id="oc-264">
         <name>.debug_info</name>
         <load_address>0x13710</load_address>
         <run_address>0x13710</run_address>
         <size>0x39</size>
         <input_file_ref idref="fl-db"/>
      </object_component>
      <object_component id="oc-292">
         <name>.debug_info</name>
         <load_address>0x13749</load_address>
         <run_address>0x13749</run_address>
         <size>0x39</size>
         <input_file_ref idref="fl-db"/>
      </object_component>
      <object_component id="oc-269">
         <name>.debug_info</name>
         <load_address>0x13782</load_address>
         <run_address>0x13782</run_address>
         <size>0x39</size>
         <input_file_ref idref="fl-db"/>
      </object_component>
      <object_component id="oc-26e">
         <name>.debug_info</name>
         <load_address>0x137bb</load_address>
         <run_address>0x137bb</run_address>
         <size>0xcd</size>
         <input_file_ref idref="fl-db"/>
      </object_component>
      <object_component id="oc-a1">
         <name>.debug_info</name>
         <load_address>0x13888</load_address>
         <run_address>0x13888</run_address>
         <size>0x153</size>
         <input_file_ref idref="fl-dc"/>
      </object_component>
      <object_component id="oc-134">
         <name>.debug_info</name>
         <load_address>0x139db</load_address>
         <run_address>0x139db</run_address>
         <size>0x122</size>
         <input_file_ref idref="fl-de"/>
      </object_component>
      <object_component id="oc-25e">
         <name>.debug_info</name>
         <load_address>0x13afd</load_address>
         <run_address>0x13afd</run_address>
         <size>0x2c9</size>
         <input_file_ref idref="fl-df"/>
      </object_component>
      <object_component id="oc-1e7">
         <name>.debug_info</name>
         <load_address>0x13dc6</load_address>
         <run_address>0x13dc6</run_address>
         <size>0x11e</size>
         <input_file_ref idref="fl-df"/>
      </object_component>
      <object_component id="oc-257">
         <name>.debug_info</name>
         <load_address>0x13ee4</load_address>
         <run_address>0x13ee4</run_address>
         <size>0x12e</size>
         <input_file_ref idref="fl-df"/>
      </object_component>
      <object_component id="oc-2db">
         <name>.debug_info</name>
         <load_address>0x14012</load_address>
         <run_address>0x14012</run_address>
         <size>0xc2</size>
      </object_component>
      <object_component id="oc-206">
         <name>.debug_line</name>
         <load_address>0x0</load_address>
         <run_address>0x0</run_address>
         <size>0x20</size>
         <input_file_ref idref="fl-2"/>
      </object_component>
      <object_component id="oc-230">
         <name>.debug_line</name>
         <load_address>0x20</load_address>
         <run_address>0x20</run_address>
         <size>0x2e</size>
         <input_file_ref idref="fl-2"/>
      </object_component>
      <object_component id="oc-107">
         <name>.debug_line</name>
         <load_address>0x4e</load_address>
         <run_address>0x4e</run_address>
         <size>0xfb</size>
         <input_file_ref idref="fl-2"/>
      </object_component>
      <object_component id="oc-20a">
         <name>.debug_line</name>
         <load_address>0x149</load_address>
         <run_address>0x149</run_address>
         <size>0x62</size>
         <input_file_ref idref="fl-2"/>
      </object_component>
      <object_component id="oc-d3">
         <name>.debug_line</name>
         <load_address>0x1ab</load_address>
         <run_address>0x1ab</run_address>
         <size>0x79</size>
         <input_file_ref idref="fl-2"/>
      </object_component>
      <object_component id="oc-180">
         <name>.debug_line</name>
         <load_address>0x224</load_address>
         <run_address>0x224</run_address>
         <size>0x65</size>
         <input_file_ref idref="fl-2"/>
      </object_component>
      <object_component id="oc-38">
         <name>.debug_line</name>
         <load_address>0x289</load_address>
         <run_address>0x289</run_address>
         <size>0x20</size>
         <input_file_ref idref="fl-2"/>
      </object_component>
      <object_component id="oc-185">
         <name>.debug_line</name>
         <load_address>0x2a9</load_address>
         <run_address>0x2a9</run_address>
         <size>0x7d</size>
         <input_file_ref idref="fl-2"/>
      </object_component>
      <object_component id="oc-c7">
         <name>.debug_line</name>
         <load_address>0x326</load_address>
         <run_address>0x326</run_address>
         <size>0x7a</size>
         <input_file_ref idref="fl-2"/>
      </object_component>
      <object_component id="oc-11f">
         <name>.debug_line</name>
         <load_address>0x3a0</load_address>
         <run_address>0x3a0</run_address>
         <size>0xaf</size>
         <input_file_ref idref="fl-3"/>
      </object_component>
      <object_component id="oc-276">
         <name>.debug_line</name>
         <load_address>0x44f</load_address>
         <run_address>0x44f</run_address>
         <size>0x20</size>
         <input_file_ref idref="fl-4"/>
      </object_component>
      <object_component id="oc-113">
         <name>.debug_line</name>
         <load_address>0x46f</load_address>
         <run_address>0x46f</run_address>
         <size>0xa4</size>
         <input_file_ref idref="fl-4"/>
      </object_component>
      <object_component id="oc-17b">
         <name>.debug_line</name>
         <load_address>0x513</load_address>
         <run_address>0x513</run_address>
         <size>0x62</size>
         <input_file_ref idref="fl-4"/>
      </object_component>
      <object_component id="oc-20e">
         <name>.debug_line</name>
         <load_address>0x575</load_address>
         <run_address>0x575</run_address>
         <size>0x20</size>
         <input_file_ref idref="fl-5"/>
      </object_component>
      <object_component id="oc-fb">
         <name>.debug_line</name>
         <load_address>0x595</load_address>
         <run_address>0x595</run_address>
         <size>0x77</size>
         <input_file_ref idref="fl-5"/>
      </object_component>
      <object_component id="oc-18a">
         <name>.debug_line</name>
         <load_address>0x60c</load_address>
         <run_address>0x60c</run_address>
         <size>0x20</size>
         <input_file_ref idref="fl-6"/>
      </object_component>
      <object_component id="oc-188">
         <name>.debug_line</name>
         <load_address>0x62c</load_address>
         <run_address>0x62c</run_address>
         <size>0x33</size>
         <input_file_ref idref="fl-6"/>
      </object_component>
      <object_component id="oc-7a">
         <name>.debug_line</name>
         <load_address>0x65f</load_address>
         <run_address>0x65f</run_address>
         <size>0xb7</size>
         <input_file_ref idref="fl-6"/>
      </object_component>
      <object_component id="oc-224">
         <name>.debug_line</name>
         <load_address>0x716</load_address>
         <run_address>0x716</run_address>
         <size>0x75</size>
         <input_file_ref idref="fl-7"/>
      </object_component>
      <object_component id="oc-222">
         <name>.debug_line</name>
         <load_address>0x78b</load_address>
         <run_address>0x78b</run_address>
         <size>0x37</size>
         <input_file_ref idref="fl-7"/>
      </object_component>
      <object_component id="oc-101">
         <name>.debug_line</name>
         <load_address>0x7c2</load_address>
         <run_address>0x7c2</run_address>
         <size>0xc4</size>
         <input_file_ref idref="fl-7"/>
      </object_component>
      <object_component id="oc-22d">
         <name>.debug_line</name>
         <load_address>0x886</load_address>
         <run_address>0x886</run_address>
         <size>0x75</size>
         <input_file_ref idref="fl-7"/>
      </object_component>
      <object_component id="oc-228">
         <name>.debug_line</name>
         <load_address>0x8fb</load_address>
         <run_address>0x8fb</run_address>
         <size>0x37</size>
         <input_file_ref idref="fl-7"/>
      </object_component>
      <object_component id="oc-253">
         <name>.debug_line</name>
         <load_address>0x932</load_address>
         <run_address>0x932</run_address>
         <size>0xdb</size>
         <input_file_ref idref="fl-8"/>
      </object_component>
      <object_component id="oc-251">
         <name>.debug_line</name>
         <load_address>0xa0d</load_address>
         <run_address>0xa0d</run_address>
         <size>0x30</size>
         <input_file_ref idref="fl-8"/>
      </object_component>
      <object_component id="oc-10d">
         <name>.debug_line</name>
         <load_address>0xa3d</load_address>
         <run_address>0xa3d</run_address>
         <size>0x1f9</size>
         <input_file_ref idref="fl-8"/>
      </object_component>
      <object_component id="oc-130">
         <name>.debug_line</name>
         <load_address>0xc36</load_address>
         <run_address>0xc36</run_address>
         <size>0x20</size>
         <input_file_ref idref="fl-8"/>
      </object_component>
      <object_component id="oc-f5">
         <name>.debug_line</name>
         <load_address>0xc56</load_address>
         <run_address>0xc56</run_address>
         <size>0x102</size>
         <input_file_ref idref="fl-9"/>
      </object_component>
      <object_component id="oc-1c6">
         <name>.debug_line</name>
         <load_address>0xd58</load_address>
         <run_address>0xd58</run_address>
         <size>0x69</size>
         <input_file_ref idref="fl-a"/>
      </object_component>
      <object_component id="oc-119">
         <name>.debug_line</name>
         <load_address>0xdc1</load_address>
         <run_address>0xdc1</run_address>
         <size>0x6c</size>
         <input_file_ref idref="fl-b"/>
      </object_component>
      <object_component id="oc-190">
         <name>.debug_line</name>
         <load_address>0xe2d</load_address>
         <run_address>0xe2d</run_address>
         <size>0xa1</size>
         <input_file_ref idref="fl-c"/>
      </object_component>
      <object_component id="oc-177">
         <name>.debug_line</name>
         <load_address>0xece</load_address>
         <run_address>0xece</run_address>
         <size>0x20</size>
         <input_file_ref idref="fl-d"/>
      </object_component>
      <object_component id="oc-175">
         <name>.debug_line</name>
         <load_address>0xeee</load_address>
         <run_address>0xeee</run_address>
         <size>0x34</size>
         <input_file_ref idref="fl-d"/>
      </object_component>
      <object_component id="oc-74">
         <name>.debug_line</name>
         <load_address>0xf22</load_address>
         <run_address>0xf22</run_address>
         <size>0x8a</size>
         <input_file_ref idref="fl-d"/>
      </object_component>
      <object_component id="oc-1dd">
         <name>.debug_line</name>
         <load_address>0xfac</load_address>
         <run_address>0xfac</run_address>
         <size>0xe7</size>
         <input_file_ref idref="fl-e"/>
      </object_component>
      <object_component id="oc-1e1">
         <name>.debug_line</name>
         <load_address>0x1093</load_address>
         <run_address>0x1093</run_address>
         <size>0x31</size>
         <input_file_ref idref="fl-e"/>
      </object_component>
      <object_component id="oc-1df">
         <name>.debug_line</name>
         <load_address>0x10c4</load_address>
         <run_address>0x10c4</run_address>
         <size>0x31</size>
         <input_file_ref idref="fl-e"/>
      </object_component>
      <object_component id="oc-aa">
         <name>.debug_line</name>
         <load_address>0x10f5</load_address>
         <run_address>0x10f5</run_address>
         <size>0xe4</size>
         <input_file_ref idref="fl-e"/>
      </object_component>
      <object_component id="oc-cf">
         <name>.debug_line</name>
         <load_address>0x11d9</load_address>
         <run_address>0x11d9</run_address>
         <size>0x40</size>
         <input_file_ref idref="fl-f"/>
      </object_component>
      <object_component id="oc-7d">
         <name>.debug_line</name>
         <load_address>0x1219</load_address>
         <run_address>0x1219</run_address>
         <size>0x40</size>
         <input_file_ref idref="fl-f"/>
      </object_component>
      <object_component id="oc-6e">
         <name>.debug_line</name>
         <load_address>0x1259</load_address>
         <run_address>0x1259</run_address>
         <size>0x71</size>
         <input_file_ref idref="fl-f"/>
      </object_component>
      <object_component id="oc-203">
         <name>.debug_line</name>
         <load_address>0x12ca</load_address>
         <run_address>0x12ca</run_address>
         <size>0x3b</size>
         <input_file_ref idref="fl-10"/>
      </object_component>
      <object_component id="oc-bc">
         <name>.debug_line</name>
         <load_address>0x1305</load_address>
         <run_address>0x1305</run_address>
         <size>0x134</size>
         <input_file_ref idref="fl-10"/>
      </object_component>
      <object_component id="oc-1cd">
         <name>.debug_line</name>
         <load_address>0x1439</load_address>
         <run_address>0x1439</run_address>
         <size>0xac</size>
         <input_file_ref idref="fl-ca"/>
      </object_component>
      <object_component id="oc-28b">
         <name>.debug_line</name>
         <load_address>0x14e5</load_address>
         <run_address>0x14e5</run_address>
         <size>0x9a</size>
         <input_file_ref idref="fl-ca"/>
      </object_component>
      <object_component id="oc-241">
         <name>.debug_line</name>
         <load_address>0x157f</load_address>
         <run_address>0x157f</run_address>
         <size>0x97</size>
         <input_file_ref idref="fl-ca"/>
      </object_component>
      <object_component id="oc-19b">
         <name>.debug_line</name>
         <load_address>0x1616</load_address>
         <run_address>0x1616</run_address>
         <size>0xd2</size>
         <input_file_ref idref="fl-cb"/>
      </object_component>
      <object_component id="oc-1a1">
         <name>.debug_line</name>
         <load_address>0x16e8</load_address>
         <run_address>0x16e8</run_address>
         <size>0xa8</size>
         <input_file_ref idref="fl-cc"/>
      </object_component>
      <object_component id="oc-1a8">
         <name>.debug_line</name>
         <load_address>0x1790</load_address>
         <run_address>0x1790</run_address>
         <size>0x8e</size>
         <input_file_ref idref="fl-cd"/>
      </object_component>
      <object_component id="oc-1ab">
         <name>.debug_line</name>
         <load_address>0x181e</load_address>
         <run_address>0x181e</run_address>
         <size>0x59</size>
         <input_file_ref idref="fl-ce"/>
      </object_component>
      <object_component id="oc-23c">
         <name>.debug_line</name>
         <load_address>0x1877</load_address>
         <run_address>0x1877</run_address>
         <size>0x50</size>
         <input_file_ref idref="fl-cf"/>
      </object_component>
      <object_component id="oc-199">
         <name>.debug_line</name>
         <load_address>0x18c7</load_address>
         <run_address>0x18c7</run_address>
         <size>0x4c</size>
         <input_file_ref idref="fl-d0"/>
      </object_component>
      <object_component id="oc-1b5">
         <name>.debug_line</name>
         <load_address>0x1913</load_address>
         <run_address>0x1913</run_address>
         <size>0x5b</size>
         <input_file_ref idref="fl-d1"/>
      </object_component>
      <object_component id="oc-ee">
         <name>.debug_line</name>
         <load_address>0x196e</load_address>
         <run_address>0x196e</run_address>
         <size>0x92</size>
         <input_file_ref idref="fl-d2"/>
      </object_component>
      <object_component id="oc-49">
         <name>.debug_line</name>
         <load_address>0x1a00</load_address>
         <run_address>0x1a00</run_address>
         <size>0x56</size>
         <input_file_ref idref="fl-d2"/>
      </object_component>
      <object_component id="oc-97">
         <name>.debug_line</name>
         <load_address>0x1a56</load_address>
         <run_address>0x1a56</run_address>
         <size>0x34</size>
         <input_file_ref idref="fl-d2"/>
      </object_component>
      <object_component id="oc-eb">
         <name>.debug_line</name>
         <load_address>0x1a8a</load_address>
         <run_address>0x1a8a</run_address>
         <size>0x92</size>
         <input_file_ref idref="fl-d2"/>
      </object_component>
      <object_component id="oc-92">
         <name>.debug_line</name>
         <load_address>0x1b1c</load_address>
         <run_address>0x1b1c</run_address>
         <size>0x20</size>
         <input_file_ref idref="fl-d3"/>
      </object_component>
      <object_component id="oc-22">
         <name>.debug_line</name>
         <load_address>0x1b3c</load_address>
         <run_address>0x1b3c</run_address>
         <size>0x55</size>
         <input_file_ref idref="fl-d3"/>
      </object_component>
      <object_component id="oc-43">
         <name>.debug_line</name>
         <load_address>0x1b91</load_address>
         <run_address>0x1b91</run_address>
         <size>0x3a</size>
         <input_file_ref idref="fl-d3"/>
      </object_component>
      <object_component id="oc-8f">
         <name>.debug_line</name>
         <load_address>0x1bcb</load_address>
         <run_address>0x1bcb</run_address>
         <size>0x92</size>
         <input_file_ref idref="fl-d3"/>
      </object_component>
      <object_component id="oc-e7">
         <name>.debug_line</name>
         <load_address>0x1c5d</load_address>
         <run_address>0x1c5d</run_address>
         <size>0x20</size>
         <input_file_ref idref="fl-d4"/>
      </object_component>
      <object_component id="oc-18">
         <name>.debug_line</name>
         <load_address>0x1c7d</load_address>
         <run_address>0x1c7d</run_address>
         <size>0xa9</size>
         <input_file_ref idref="fl-d4"/>
      </object_component>
      <object_component id="oc-33">
         <name>.debug_line</name>
         <load_address>0x1d26</load_address>
         <run_address>0x1d26</run_address>
         <size>0x3a</size>
         <input_file_ref idref="fl-d4"/>
      </object_component>
      <object_component id="oc-e4">
         <name>.debug_line</name>
         <load_address>0x1d60</load_address>
         <run_address>0x1d60</run_address>
         <size>0x9a</size>
         <input_file_ref idref="fl-d4"/>
      </object_component>
      <object_component id="oc-88">
         <name>.debug_line</name>
         <load_address>0x1dfa</load_address>
         <run_address>0x1dfa</run_address>
         <size>0x96</size>
         <input_file_ref idref="fl-d4"/>
      </object_component>
      <object_component id="oc-d6">
         <name>.debug_line</name>
         <load_address>0x1e90</load_address>
         <run_address>0x1e90</run_address>
         <size>0x10f</size>
         <input_file_ref idref="fl-d5"/>
      </object_component>
      <object_component id="oc-80">
         <name>.debug_line</name>
         <load_address>0x1f9f</load_address>
         <run_address>0x1f9f</run_address>
         <size>0x2c</size>
         <input_file_ref idref="fl-d5"/>
      </object_component>
      <object_component id="oc-2a0">
         <name>.debug_line</name>
         <load_address>0x1fcb</load_address>
         <run_address>0x1fcb</run_address>
         <size>0x2c</size>
         <input_file_ref idref="fl-d5"/>
      </object_component>
      <object_component id="oc-1b2">
         <name>.debug_line</name>
         <load_address>0x1ff7</load_address>
         <run_address>0x1ff7</run_address>
         <size>0x41</size>
         <input_file_ref idref="fl-d5"/>
      </object_component>
      <object_component id="oc-248">
         <name>.debug_line</name>
         <load_address>0x2038</load_address>
         <run_address>0x2038</run_address>
         <size>0x50</size>
         <input_file_ref idref="fl-d5"/>
      </object_component>
      <object_component id="oc-24e">
         <name>.debug_line</name>
         <load_address>0x2088</load_address>
         <run_address>0x2088</run_address>
         <size>0x55</size>
         <input_file_ref idref="fl-d5"/>
      </object_component>
      <object_component id="oc-1d2">
         <name>.debug_line</name>
         <load_address>0x20dd</load_address>
         <run_address>0x20dd</run_address>
         <size>0xd0</size>
         <input_file_ref idref="fl-d5"/>
      </object_component>
      <object_component id="oc-27c">
         <name>.debug_line</name>
         <load_address>0x21ad</load_address>
         <run_address>0x21ad</run_address>
         <size>0x98</size>
         <input_file_ref idref="fl-d5"/>
      </object_component>
      <object_component id="oc-219">
         <name>.debug_line</name>
         <load_address>0x2245</load_address>
         <run_address>0x2245</run_address>
         <size>0x114</size>
         <input_file_ref idref="fl-d5"/>
      </object_component>
      <object_component id="oc-df">
         <name>.debug_line</name>
         <load_address>0x2359</load_address>
         <run_address>0x2359</run_address>
         <size>0x2c</size>
         <input_file_ref idref="fl-d5"/>
      </object_component>
      <object_component id="oc-da">
         <name>.debug_line</name>
         <load_address>0x2385</load_address>
         <run_address>0x2385</run_address>
         <size>0x92</size>
         <input_file_ref idref="fl-d5"/>
      </object_component>
      <object_component id="oc-2a4">
         <name>.debug_line</name>
         <load_address>0x2417</load_address>
         <run_address>0x2417</run_address>
         <size>0x20</size>
         <input_file_ref idref="fl-d6"/>
      </object_component>
      <object_component id="oc-2a2">
         <name>.debug_line</name>
         <load_address>0x2437</load_address>
         <run_address>0x2437</run_address>
         <size>0x2b</size>
         <input_file_ref idref="fl-d6"/>
      </object_component>
      <object_component id="oc-234">
         <name>.debug_line</name>
         <load_address>0x2462</load_address>
         <run_address>0x2462</run_address>
         <size>0x40</size>
         <input_file_ref idref="fl-d6"/>
      </object_component>
      <object_component id="oc-84">
         <name>.debug_line</name>
         <load_address>0x24a2</load_address>
         <run_address>0x24a2</run_address>
         <size>0x33</size>
         <input_file_ref idref="fl-d7"/>
      </object_component>
      <object_component id="oc-5d">
         <name>.debug_line</name>
         <load_address>0x24d5</load_address>
         <run_address>0x24d5</run_address>
         <size>0x45</size>
         <input_file_ref idref="fl-d7"/>
      </object_component>
      <object_component id="oc-21c">
         <name>.debug_line</name>
         <load_address>0x251a</load_address>
         <run_address>0x251a</run_address>
         <size>0x37</size>
         <input_file_ref idref="fl-d8"/>
      </object_component>
      <object_component id="oc-3b">
         <name>.debug_line</name>
         <load_address>0x2551</load_address>
         <run_address>0x2551</run_address>
         <size>0x88</size>
         <input_file_ref idref="fl-da"/>
      </object_component>
      <object_component id="oc-263">
         <name>.debug_line</name>
         <load_address>0x25d9</load_address>
         <run_address>0x25d9</run_address>
         <size>0xbf</size>
         <input_file_ref idref="fl-db"/>
      </object_component>
      <object_component id="oc-143">
         <name>.debug_line</name>
         <load_address>0x2698</load_address>
         <run_address>0x2698</run_address>
         <size>0x6f</size>
         <input_file_ref idref="fl-db"/>
      </object_component>
      <object_component id="oc-267">
         <name>.debug_line</name>
         <load_address>0x2707</load_address>
         <run_address>0x2707</run_address>
         <size>0x2e</size>
         <input_file_ref idref="fl-db"/>
      </object_component>
      <object_component id="oc-295">
         <name>.debug_line</name>
         <load_address>0x2735</load_address>
         <run_address>0x2735</run_address>
         <size>0x9a</size>
         <input_file_ref idref="fl-db"/>
      </object_component>
      <object_component id="oc-26c">
         <name>.debug_line</name>
         <load_address>0x27cf</load_address>
         <run_address>0x27cf</run_address>
         <size>0x97</size>
         <input_file_ref idref="fl-db"/>
      </object_component>
      <object_component id="oc-271">
         <name>.debug_line</name>
         <load_address>0x2866</load_address>
         <run_address>0x2866</run_address>
         <size>0x93</size>
         <input_file_ref idref="fl-db"/>
      </object_component>
      <object_component id="oc-a4">
         <name>.debug_line</name>
         <load_address>0x28f9</load_address>
         <run_address>0x28f9</run_address>
         <size>0x40</size>
         <input_file_ref idref="fl-dc"/>
      </object_component>
      <object_component id="oc-137">
         <name>.debug_line</name>
         <load_address>0x2939</load_address>
         <run_address>0x2939</run_address>
         <size>0x3c</size>
         <input_file_ref idref="fl-de"/>
      </object_component>
      <object_component id="oc-291">
         <name>.debug_line</name>
         <load_address>0x2975</load_address>
         <run_address>0x2975</run_address>
         <size>0x20</size>
         <input_file_ref idref="fl-df"/>
      </object_component>
      <object_component id="oc-25d">
         <name>.debug_line</name>
         <load_address>0x2995</load_address>
         <run_address>0x2995</run_address>
         <size>0x2b</size>
         <input_file_ref idref="fl-df"/>
      </object_component>
      <object_component id="oc-25a">
         <name>.debug_line</name>
         <load_address>0x29c0</load_address>
         <run_address>0x29c0</run_address>
         <size>0x3a</size>
         <input_file_ref idref="fl-df"/>
      </object_component>
      <object_component id="oc-108">
         <name>.debug_frame</name>
         <load_address>0x0</load_address>
         <run_address>0x0</run_address>
         <size>0xb0</size>
         <input_file_ref idref="fl-2"/>
      </object_component>
      <object_component id="oc-120">
         <name>.debug_frame</name>
         <load_address>0xb0</load_address>
         <run_address>0xb0</run_address>
         <size>0xa4</size>
         <input_file_ref idref="fl-3"/>
      </object_component>
      <object_component id="oc-114">
         <name>.debug_frame</name>
         <load_address>0x154</load_address>
         <run_address>0x154</run_address>
         <size>0x98</size>
         <input_file_ref idref="fl-4"/>
      </object_component>
      <object_component id="oc-fc">
         <name>.debug_frame</name>
         <load_address>0x1ec</load_address>
         <run_address>0x1ec</run_address>
         <size>0x6c</size>
         <input_file_ref idref="fl-5"/>
      </object_component>
      <object_component id="oc-7b">
         <name>.debug_frame</name>
         <load_address>0x258</load_address>
         <run_address>0x258</run_address>
         <size>0x88</size>
         <input_file_ref idref="fl-6"/>
      </object_component>
      <object_component id="oc-102">
         <name>.debug_frame</name>
         <load_address>0x2e0</load_address>
         <run_address>0x2e0</run_address>
         <size>0xa0</size>
         <input_file_ref idref="fl-7"/>
      </object_component>
      <object_component id="oc-10e">
         <name>.debug_frame</name>
         <load_address>0x380</load_address>
         <run_address>0x380</run_address>
         <size>0x154</size>
         <input_file_ref idref="fl-8"/>
      </object_component>
      <object_component id="oc-f6">
         <name>.debug_frame</name>
         <load_address>0x4d4</load_address>
         <run_address>0x4d4</run_address>
         <size>0xe0</size>
         <input_file_ref idref="fl-9"/>
      </object_component>
      <object_component id="oc-1c7">
         <name>.debug_frame</name>
         <load_address>0x5b4</load_address>
         <run_address>0x5b4</run_address>
         <size>0x6c</size>
         <input_file_ref idref="fl-a"/>
      </object_component>
      <object_component id="oc-11a">
         <name>.debug_frame</name>
         <load_address>0x620</load_address>
         <run_address>0x620</run_address>
         <size>0x6c</size>
         <input_file_ref idref="fl-b"/>
      </object_component>
      <object_component id="oc-191">
         <name>.debug_frame</name>
         <load_address>0x68c</load_address>
         <run_address>0x68c</run_address>
         <size>0x88</size>
         <input_file_ref idref="fl-c"/>
      </object_component>
      <object_component id="oc-75">
         <name>.debug_frame</name>
         <load_address>0x714</load_address>
         <run_address>0x714</run_address>
         <size>0x84</size>
         <input_file_ref idref="fl-d"/>
      </object_component>
      <object_component id="oc-ab">
         <name>.debug_frame</name>
         <load_address>0x798</load_address>
         <run_address>0x798</run_address>
         <size>0x8c</size>
         <input_file_ref idref="fl-e"/>
      </object_component>
      <object_component id="oc-6f">
         <name>.debug_frame</name>
         <load_address>0x824</load_address>
         <run_address>0x824</run_address>
         <size>0x6c</size>
         <input_file_ref idref="fl-f"/>
      </object_component>
      <object_component id="oc-bd">
         <name>.debug_frame</name>
         <load_address>0x890</load_address>
         <run_address>0x890</run_address>
         <size>0x70</size>
         <input_file_ref idref="fl-10"/>
      </object_component>
      <object_component id="oc-1c9">
         <name>.debug_frame</name>
         <load_address>0x900</load_address>
         <run_address>0x900</run_address>
         <size>0x70</size>
         <input_file_ref idref="fl-ca"/>
      </object_component>
      <object_component id="oc-47">
         <name>.debug_frame</name>
         <load_address>0x970</load_address>
         <run_address>0x970</run_address>
         <size>0x54</size>
         <input_file_ref idref="fl-d2"/>
      </object_component>
      <object_component id="oc-1e">
         <name>.debug_frame</name>
         <load_address>0x9c4</load_address>
         <run_address>0x9c4</run_address>
         <size>0x54</size>
         <input_file_ref idref="fl-d3"/>
      </object_component>
      <object_component id="oc-19">
         <name>.debug_frame</name>
         <load_address>0xa18</load_address>
         <run_address>0xa18</run_address>
         <size>0x60</size>
         <input_file_ref idref="fl-d4"/>
      </object_component>
      <object_component id="oc-1b3">
         <name>.debug_frame</name>
         <load_address>0xa78</load_address>
         <run_address>0xa78</run_address>
         <size>0x54</size>
         <input_file_ref idref="fl-d5"/>
      </object_component>
      <object_component id="oc-247">
         <name>.debug_frame</name>
         <load_address>0xacc</load_address>
         <run_address>0xacc</run_address>
         <size>0x54</size>
         <input_file_ref idref="fl-d5"/>
      </object_component>
      <object_component id="oc-24d">
         <name>.debug_frame</name>
         <load_address>0xb20</load_address>
         <run_address>0xb20</run_address>
         <size>0x58</size>
         <input_file_ref idref="fl-d5"/>
      </object_component>
      <object_component id="oc-1d3">
         <name>.debug_frame</name>
         <load_address>0xb78</load_address>
         <run_address>0xb78</run_address>
         <size>0x64</size>
         <input_file_ref idref="fl-d5"/>
      </object_component>
      <object_component id="oc-27b">
         <name>.debug_frame</name>
         <load_address>0xbdc</load_address>
         <run_address>0xbdc</run_address>
         <size>0x5c</size>
         <input_file_ref idref="fl-d5"/>
      </object_component>
      <object_component id="oc-218">
         <name>.debug_frame</name>
         <load_address>0xc38</load_address>
         <run_address>0xc38</run_address>
         <size>0x64</size>
         <input_file_ref idref="fl-d5"/>
      </object_component>
      <object_component id="oc-233">
         <name>.debug_frame</name>
         <load_address>0xc9c</load_address>
         <run_address>0xc9c</run_address>
         <size>0x54</size>
         <input_file_ref idref="fl-d6"/>
[...]
         <object_component_ref idref="oc-10f"/>
      </symbol>
      <symbol id="sm-ce">
         <name>LaunchPad_Init</name>
         <value>0x19e5</value>
         <object_component_ref idref="oc-10f"/>
      </symbol>
      <symbol id="sm-ef">
         <name>ADC_In17_14_16</name>
         <value>0x1b49</value>
         <object_component_ref idref="oc-f7"/>
      </symbol>
      <symbol id="sm-f0">
         <name>ADC0_Init_Ch17_14_16</name>
         <value>0x1ad9</value>
         <object_component_ref idref="oc-f7"/>
      </symbol>
      <symbol id="sm-119">
         <name>PORT4_IRQHandler</name>
         <value>0x133b</value>
         <object_component_ref idref="oc-76"/>
      </symbol>
      <symbol id="sm-11a">
         <name>Bump_Read</name>
         <value>0x1315</value>
         <object_component_ref idref="oc-76"/>
      </symbol>
      <symbol id="sm-11b">
         <name>Bump_Init</name>
         <value>0x12a5</value>
         <object_component_ref idref="oc-76"/>
      </symbol>
      <symbol id="sm-14a">
         <name>LowPassFilter</name>
         <value>0xe45</value>
         <object_component_ref idref="oc-fd"/>
      </symbol>
      <symbol id="sm-14b">
         <name>LowPassFilter_Init</name>
         <value>0xd3d</value>
         <object_component_ref idref="oc-fd"/>
      </symbol>
      <symbol id="sm-14c">
         <name>ConvertDist</name>
         <value>0xd09</value>
         <object_component_ref idref="oc-fd"/>
      </symbol>
      <symbol id="sm-192">
         <name>LCD_WriteChar</name>
         <value>0x1a3</value>
         <object_component_ref idref="oc-109"/>
      </symbol>
      <symbol id="sm-193">
         <name>LCD_Send_Cmd</name>
         <value>0xe5</value>
         <object_component_ref idref="oc-109"/>
      </symbol>
      <symbol id="sm-194">
         <name>LCD_WriteStr</name>
         <value>0x1db</value>
         <object_component_ref idref="oc-109"/>
      </symbol>
      <symbol id="sm-195">
         <name>LCD_OutUInt</name>
         <value>0x201</value>
         <object_component_ref idref="oc-109"/>
      </symbol>
      <symbol id="sm-196">
         <name>LCD_ClrScrn</name>
         <value>0x2a1</value>
         <object_component_ref idref="oc-109"/>
      </symbol>
      <symbol id="sm-197">
         <name>LCD_Init</name>
         <value>0x149</value>
         <object_component_ref idref="oc-109"/>
      </symbol>
      <symbol id="sm-198">
         <name>LCD_SetCursor</name>
         <value>0x39d</value>
         <object_component_ref idref="oc-109"/>
      </symbol>
      <symbol id="sm-199">
         <name>LCD_Reset</name>
         <value>0x3e1</value>
         <object_component_ref idref="oc-109"/>
      </symbol>
      <symbol id="sm-19a">
         <name>LCD_Send_Data</name>
         <value>0x117</value>
         <object_component_ref idref="oc-109"/>
      </symbol>
      <symbol id="sm-19b">
         <name>LCD_ClrSection</name>
         <value>0x2c5</value>
         <object_component_ref idref="oc-109"/>
      </symbol>
      <symbol id="sm-1b5">
         <name>Motor_Left</name>
         <value>0x14ef</value>
         <object_component_ref idref="oc-f1"/>
      </symbol>
      <symbol id="sm-1b6">
         <name>Motor_Direction</name>
         <value>0x1559</value>
         <object_component_ref idref="oc-f1"/>
      </symbol>
      <symbol id="sm-1b7">
         <name>Motor_Init</name>
         <value>0x1419</value>
         <object_component_ref idref="oc-f1"/>
      </symbol>
      <symbol id="sm-1b8">
         <name>Motor_Backward</name>
         <value>0x1529</value>
         <object_component_ref idref="oc-f1"/>
      </symbol>
      <symbol id="sm-1b9">
         <name>Motor_Right</name>
         <value>0x14b5</value>
         <object_component_ref idref="oc-f1"/>
      </symbol>
      <symbol id="sm-1ba">
         <name>Motor_Stop</name>
         <value>0x1479</value>
         <object_component_ref idref="oc-f1"/>
      </symbol>
      <symbol id="sm-1bb">
         <name>Motor_Forward</name>
         <value>0x1485</value>
         <object_component_ref idref="oc-f1"/>
      </symbol>
      <symbol id="sm-1d1">
         <name>SPI_A3_Tx</name>
         <value>0x1e23</value>
         <object_component_ref idref="oc-1c2"/>
      </symbol>
      <symbol id="sm-1d2">
         <name>SPI_A3_Init</name>
         <value>0x1dd9</value>
         <object_component_ref idref="oc-1c2"/>
      </symbol>
      <symbol id="sm-1e2">
         <name>SysTick_Wait1us</name>
         <value>0x1f4d</value>
         <object_component_ref idref="oc-115"/>
      </symbol>
      <symbol id="sm-1e3">
         <name>SysTick_Init</name>
         <value>0x1f3d</value>
         <object_component_ref idref="oc-115"/>
      </symbol>
      <symbol id="sm-200">
         <name>TimerA0_Init</name>
         <value>0x16c5</value>
         <object_component_ref idref="oc-18c"/>
      </symbol>
      <symbol id="sm-201">
         <name>SetDuty_Left</name>
         <value>0x1791</value>
         <object_component_ref idref="oc-18c"/>
      </symbol>
      <symbol id="sm-202">
         <name>SetDuty_Right</name>
         <value>0x176b</value>
         <object_component_ref idref="oc-18c"/>
      </symbol>
      <symbol id="sm-220">
         <name>TimerA1_Init</name>
         <value>0x1d45</value>
         <object_component_ref idref="oc-70"/>
      </symbol>
      <symbol id="sm-221">
         <name>TA1_0_IRQHandler</name>
         <value>0x1da5</value>
         <object_component_ref idref="oc-70"/>
      </symbol>
      <symbol id="sm-222">
         <name>TimerA1_Stop</name>
         <value>0x1d99</value>
         <object_component_ref idref="oc-70"/>
      </symbol>
      <symbol id="sm-25b">
         <name>ADCflag</name>
         <value>0x2000105c</value>
      </symbol>
      <symbol id="sm-25c">
         <name>CollisionData</name>
         <value>0x20001060</value>
      </symbol>
      <symbol id="sm-25d">
         <name>CollisionFlag</name>
         <value>0x20001061</value>
      </symbol>
      <symbol id="sm-25e">
         <name>right_filt</name>
         <value>0x2000101c</value>
         <object_component_ref idref="oc-128"/>
      </symbol>
      <symbol id="sm-25f">
         <name>Process_ADC_Samples</name>
         <value>0xa6b</value>
         <object_component_ref idref="oc-a6"/>
      </symbol>
      <symbol id="sm-260">
         <name>Handle_Collision</name>
         <value>0xa51</value>
         <object_component_ref idref="oc-a6"/>
      </symbol>
      <symbol id="sm-261">
         <name>raw_adc_vals</name>
         <value>0x20001028</value>
         <object_component_ref idref="oc-125"/>
      </symbol>
      <symbol id="sm-262">
         <name>debug_mode</name>
         <value>0x20001018</value>
         <object_component_ref idref="oc-128"/>
      </symbol>
      <symbol id="sm-263">
         <name>left_filt</name>
         <value>0x20001024</value>
         <object_component_ref idref="oc-128"/>
      </symbol>
      <symbol id="sm-264">
         <name>main</name>
         <value>0xacd</value>
         <object_component_ref idref="oc-a6"/>
      </symbol>
      <symbol id="sm-265">
         <name>center_filt</name>
         <value>0x20001020</value>
         <object_component_ref idref="oc-128"/>
      </symbol>
      <symbol id="sm-27a">
         <name>Reset_Handler</name>
         <value>0x2163</value>
         <object_component_ref idref="oc-6a"/>
      </symbol>
      <symbol id="sm-27b">
         <name>Default_Handler</name>
         <value>0x216f</value>
         <object_component_ref idref="oc-6a"/>
      </symbol>
      <symbol id="sm-27c">
         <name>interruptVectors</name>
         <value>0x0</value>
         <object_component_ref idref="oc-26"/>
      </symbol>
      <symbol id="sm-2c4">
         <name>SystemInit</name>
         <value>0x6a1</value>
         <object_component_ref idref="oc-b8"/>
      </symbol>
      <symbol id="sm-2c5">
         <name>SystemCoreClockUpdate</name>
         <value>0x429</value>
         <object_component_ref idref="oc-b8"/>
      </symbol>
      <symbol id="sm-2c6">
         <name>SystemCoreClock</name>
         <value>0x20001048</value>
         <object_component_ref idref="oc-170"/>
      </symbol>
      <symbol id="sm-2f9">
         <name>log10</name>
         <value>0x75d</value>
         <object_component_ref idref="oc-1c8"/>
      </symbol>
      <symbol id="sm-2fa">
         <name>log10l</name>
         <value>0x75d</value>
         <object_component_ref idref="oc-1c8"/>
      </symbol>
      <symbol id="sm-311">
         <name>__aeabi_dsub</name>
         <value>0x10ed</value>
         <object_component_ref idref="oc-19a"/>
      </symbol>
      <symbol id="sm-312">
         <name>__aeabi_dadd</name>
         <value>0x10f7</value>
         <object_component_ref idref="oc-19a"/>
      </symbol>
      <symbol id="sm-326">
         <name>__aeabi_ddiv</name>
         <value>0x158d</value>
         <object_component_ref idref="oc-19f"/>
      </symbol>
      <symbol id="sm-331">
         <name>__aeabi_dmul</name>
         <value>0x18e9</value>
         <object_component_ref idref="oc-1a4"/>
      </symbol>
      <symbol id="sm-33b">
         <name>__aeabi_d2uiz</name>
         <value>0x1fc9</value>
         <object_component_ref idref="oc-1a9"/>
      </symbol>
      <symbol id="sm-345">
         <name>__aeabi_i2d</name>
         <value>0x2081</value>
         <object_component_ref idref="oc-238"/>
      </symbol>
      <symbol id="sm-34f">
         <name>__aeabi_ui2d</name>
         <value>0x20fd</value>
         <object_component_ref idref="oc-195"/>
      </symbol>
      <symbol id="sm-35e">
         <name>__aeabi_uidivmod</name>
         <value>0x200d</value>
         <object_component_ref idref="oc-1b4"/>
      </symbol>
      <symbol id="sm-35f">
         <name>__aeabi_uidiv</name>
         <value>0x200d</value>
         <object_component_ref idref="oc-1b4"/>
      </symbol>
      <symbol id="sm-378">
         <name>__TI_zero_init_nomemset</name>
         <value>0x211d</value>
         <object_component_ref idref="oc-46"/>
      </symbol>
      <symbol id="sm-38f">
         <name>__TI_decompress_none</name>
         <value>0x2155</value>
         <object_component_ref idref="oc-1d"/>
      </symbol>
      <symbol id="sm-3b2">
         <name>__TI_decompress_lzss</name>
         <value>0x1ed5</value>
         <object_component_ref idref="oc-17"/>
      </symbol>
      <symbol id="sm-43b">
         <name>_sys_memory</name>
         <value>0x20000000</value>
         <object_component_ref idref="oc-29"/>
      </symbol>
      <symbol id="sm-43c">
         <name>free</name>
         <value>0x1bc5</value>
         <object_component_ref idref="oc-1ce"/>
      </symbol>
      <symbol id="sm-43d">
         <name>memalign</name>
         <value>0x17e1</value>
         <object_component_ref idref="oc-214"/>
      </symbol>
      <symbol id="sm-43e">
         <name>malloc</name>
         <value>0x2179</value>
         <object_component_ref idref="oc-1ae"/>
      </symbol>
      <symbol id="sm-43f">
         <name>aligned_alloc</name>
         <value>0x17e1</value>
         <object_component_ref idref="oc-214"/>
      </symbol>
      <symbol id="sm-455">
         <name>__aeabi_errno_addr</name>
         <value>0x2171</value>
         <object_component_ref idref="oc-232"/>
      </symbol>
      <symbol id="sm-456">
         <name>errno</name>
         <value>0x20001044</value>
         <object_component_ref idref="oc-282"/>
      </symbol>
      <symbol id="sm-469">
         <name>__stack</name>
         <value>0x2000fe00</value>
         <object_component_ref idref="oc-2c"/>
      </symbol>
      <symbol id="sm-46a">
         <name>_c_int00_noargs</name>
         <value>0x204d</value>
         <object_component_ref idref="oc-58"/>
      </symbol>
      <symbol id="sm-474">
         <name>__aeabi_idiv0</name>
         <value>0x16c3</value>
         <object_component_ref idref="oc-21b"/>
      </symbol>
      <symbol id="sm-475">
         <name>__aeabi_ldiv0</name>
         <value>0x16c3</value>
         <object_component_ref idref="oc-21b"/>
      </symbol>
      <symbol id="sm-491">
         <name>memcpy</name>
         <value>0x1ca9</value>
         <object_component_ref idref="oc-3a"/>
      </symbol>
      <symbol id="sm-492">
         <name>__aeabi_memcpy</name>
         <value>0x1ca9</value>
         <object_component_ref idref="oc-3a"/>
      </symbol>
      <symbol id="sm-493">
         <name>__aeabi_memcpy8</name>
         <value>0x1ca9</value>
         <object_component_ref idref="oc-3a"/>
      </symbol>
      <symbol id="sm-494">
         <name>__aeabi_memcpy4</name>
         <value>0x1ca9</value>
         <object_component_ref idref="oc-3a"/>
      </symbol>
      <symbol id="sm-4bc">
         <name>__TI_auto_init_nobinit_nopinit</name>
         <value>0x1f85</value>
         <object_component_ref idref="oc-13e"/>
      </symbol>
      <symbol id="sm-4c6">
         <name>_system_pre_init</name>
         <value>0x2181</value>
         <object_component_ref idref="oc-a0"/>
      </symbol>
      <symbol id="sm-4d2">
         <name>C$$EXIT</name>
         <value>0x2185</value>
         <object_component_ref idref="oc-132"/>
      </symbol>
      <symbol id="sm-4d3">
         <name>abort</name>
         <value>0x2185</value>
         <object_component_ref idref="oc-132"/>
      </symbol>
      <symbol id="sm-4e8">
         <name>_nop</name>
         <value>0x12a3</value>
         <object_component_ref idref="oc-256"/>
      </symbol>
      <symbol id="sm-4e9">
         <name>_lock</name>
         <value>0x20001034</value>
         <object_component_ref idref="oc-1e6"/>
      </symbol>
      <symbol id="sm-4ea">
         <name>_unlock</name>
         <value>0x20001038</value>
         <object_component_ref idref="oc-1e6"/>
      </symbol>
      <symbol id="sm-4ec">
         <name>__TI_static_base__</name>
         <value>0x0</value>
      </symbol>
      <symbol id="sm-4ef">
         <name>__mpu_init</name>
         <value>0x0</value>
      </symbol>
      <symbol id="sm-4f0">
         <name>_system_post_cinit</name>
         <value>0x0</value>
      </symbol>
      <symbol id="sm-4f1">
         <name>NMI_Handler</name>
         <value>0x216f</value>
      </symbol>
      <symbol id="sm-4f2">
         <name>HardFault_Handler</name>
         <value>0x216f</value>
      </symbol>
      <symbol id="sm-4f3">
         <name>MemManage_Handler</name>
         <value>0x216f</value>
      </symbol>
      <symbol id="sm-4f4">
         <name>BusFault_Handler</name>
         <value>0x216f</value>
      </symbol>
      <symbol id="sm-4f5">
         <name>UsageFault_Handler</name>
         <value>0x216f</value>
      </symbol>
      <symbol id="sm-4f6">
         <name>SVC_Handler</name>
         <value>0x216f</value>
      </symbol>
      <symbol id="sm-4f7">
         <name>DebugMon_Handler</name>
         <value>0x216f</value>
      </symbol>
      <symbol id="sm-4f8">
         <name>PendSV_Handler</name>
         <value>0x216f</value>
      </symbol>
      <symbol id="sm-4f9">
         <name>SysTick_Handler</name>
         <value>0x216f</value>
      </symbol>
      <symbol id="sm-4fa">
         <name>PSS_IRQHandler</name>
         <value>0x216f</value>
      </symbol>
      <symbol id="sm-4fb">
         <name>CS_IRQHandler</name>
         <value>0x216f</value>
      </symbol>
      <symbol id="sm-4fc">
         <name>PCM_IRQHandler</name>
         <value>0x216f</value>
      </symbol>
      <symbol id="sm-4fd">
         <name>WDT_A_IRQHandler</name>
         <value>0x216f</value>
      </symbol>
      <symbol id="sm-4fe">
         <name>FPU_IRQHandler</name>
         <value>0x216f</value>
      </symbol>
      <symbol id="sm-4ff">
         <name>FLCTL_IRQHandler</name>
         <value>0x216f</value>
      </symbol>
      <symbol id="sm-500">
         <name>COMP_E0_IRQHandler</name>
         <value>0x216f</value>
      </symbol>
      <symbol id="sm-501">
         <name>COMP_E1_IRQHandler</name>
         <value>0x216f</value>
      </symbol>
      <symbol id="sm-502">
         <name>TA0_0_IRQHandler</name>
         <value>0x216f</value>
      </symbol>
      <symbol id="sm-503">
         <name>TA0_N_IRQHandler</name>
         <value>0x216f</value>
      </symbol>
      <symbol id="sm-504">
         <name>TA1_0_IRQHandler</name>
         <value>0x1da5</value>
      </symbol>
      <symbol id="sm-505">
         <name>TA1_N_IRQHandler</name>
         <value>0x216f</value>
      </symbol>
      <symbol id="sm-506">
         <name>TA2_0_IRQHandler</name>
         <value>0x216f</value>
      </symbol>
      <symbol id="sm-507">
         <name>TA2_N_IRQHandler</name>
         <value>0x216f</value>
      </symbol>
      <symbol id="sm-508">
         <name>TA3_0_IRQHandler</name>
         <value>0x216f</value>
      </symbol>
      <symbol id="sm-509">
         <name>TA3_N_IRQHandler</name>
         <value>0x216f</value>
      </symbol>
      <symbol id="sm-50a">
         <name>EUSCIA0_IRQHandler</name>
         <value>0x216f</value>
      </symbol>
      <symbol id="sm-50b">
         <name>EUSCIA1_IRQHandler</name>
         <value>0x216f</value>
      </symbol>
      <symbol id="sm-50c">
         <name>EUSCIA2_IRQHandler</name>
         <value>0x216f</value>
      </symbol>
      <symbol id="sm-50d">
         <name>EUSCIA3_IRQHandler</name>
         <value>0x216f</value>
      </symbol>
      <symbol id="sm-50e">
         <name>EUSCIB0_IRQHandler</name>
         <value>0x216f</value>
      </symbol>
      <symbol id="sm-50f">
         <name>EUSCIB1_IRQHandler</name>
         <value>0x216f</value>
      </symbol>
      <symbol id="sm-510">
         <name>EUSCIB2_IRQHandler</name>
         <value>0x216f</value>
      </symbol>
      <symbol id="sm-511">
         <name>EUSCIB3_IRQHandler</name>
         <value>0x216f</value>
      </symbol>
      <symbol id="sm-512">
         <name>ADC14_IRQHandler</name>
         <value>0x216f</value>
      </symbol>
      <symbol id="sm-513">
         <name>T32_INT1_IRQHandler</name>
         <value>0x216f</value>
      </symbol>
      <symbol id="sm-514">
         <name>T32_INT2_IRQHandler</name>
         <value>0x216f</value>
      </symbol>
      <symbol id="sm-515">
         <name>T32_INTC_IRQHandler</name>
         <value>0x216f</value>
      </symbol>
      <symbol id="sm-516">
         <name>AES256_IRQHandler</name>
         <value>0x216f</value>
      </symbol>
      <symbol id="sm-517">
         <name>RTC_C_IRQHandler</name>
         <value>0x216f</value>
      </symbol>
      <symbol id="sm-518">
         <name>DMA_ERR_IRQHandler</name>
         <value>0x216f</value>
      </symbol>
      <symbol id="sm-519">
         <name>DMA_INT3_IRQHandler</name>
         <value>0x216f</value>
      </symbol>
      <symbol id="sm-51a">
         <name>DMA_INT2_IRQHandler</name>
         <value>0x216f</value>
      </symbol>
      <symbol id="sm-51b">
         <name>DMA_INT1_IRQHandler</name>
         <value>0x216f</value>
      </symbol>
      <symbol id="sm-51c">
         <name>DMA_INT0_IRQHandler</name>
         <value>0x216f</value>
      </symbol>
      <symbol id="sm-51d">
         <name>PORT1_IRQHandler</name>
         <value>0x216f</value>
      </symbol>
      <symbol id="sm-51e">
         <name>PORT2_IRQHandler</name>
         <value>0x216f</value>
      </symbol>
      <symbol id="sm-51f">
         <name>PORT3_IRQHandler</name>
         <value>0x216f</value>
      </symbol>
      <symbol id="sm-520">
         <name>PORT4_IRQHandler</name>
         <value>0x133b</value>
      </symbol>
      <symbol id="sm-521">
         <name>PORT5_IRQHandler</name>
         <value>0x216f</value>
      </symbol>
      <symbol id="sm-522">
         <name>PORT6_IRQHandler</name>
         <value>0x216f</value>
      </symbol>
   </symbol_table>
   <title>Link successful</title>
</link_info>
